[dotenv@17.3.1] injecting env (4) from .env -- tip: ≡ƒñû agentic secret storage: https://dotenvx.com/as2
Backend server running on http://localhost:5000
Γ£à Connected to MongoDB!
